/home/robert_sahlin/mhlabs/datahem.processor/src/main/java/org/datahem/processor/measurementprotocol/utils/ExceptionEntity.java
/home/robert_sahlin/mhlabs/datahem.processor/src/main/java/org/datahem/processor/pubsub/backup/utils/BackupToByteArrayFn.java
/home/robert_sahlin/mhlabs/datahem.processor/src/main/java/org/datahem/processor/measurementprotocol/utils/PayloadToMPEntityFn.java
/home/robert_sahlin/mhlabs/datahem.processor/src/main/java/org/datahem/processor/measurementprotocol/utils/TransactionEntity.java
/home/robert_sahlin/mhlabs/datahem.processor/src/main/java/org/datahem/processor/generic/SerializeStreamPipeline.java
/home/robert_sahlin/mhlabs/datahem.processor/src/main/java/org/datahem/processor/measurementprotocol/utils/EventEntity.java
/home/robert_sahlin/mhlabs/datahem.processor/src/main/java/org/datahem/avro/message/Converters.java
/home/robert_sahlin/mhlabs/datahem.processor/src/main/java/org/datahem/processor/measurementprotocol/utils/ProductEntity.java
/home/robert_sahlin/mhlabs/datahem.processor/src/main/java/org/datahem/processor/kinesis/generic/JsonToEntityToTableRowFn.java
/home/robert_sahlin/mhlabs/datahem.processor/src/main/java/org/datahem/processor/utils/JsonToTableRowFn.java
/home/robert_sahlin/mhlabs/datahem.processor/src/main/java/org/datahem/processor/measurementprotocol/utils/TimingEntity.java
/home/robert_sahlin/mhlabs/datahem.processor/src/main/java/org/datahem/processor/measurementprotocol/utils/Parameter.java
/home/robert_sahlin/mhlabs/datahem.processor/src/main/java/org/datahem/processor/measurementprotocol/utils/SiteSearchEntity.java
/home/robert_sahlin/mhlabs/datahem.processor/src/main/java/org/datahem/processor/measurementprotocol/MeasurementProtocolPipeline.java
/home/robert_sahlin/mhlabs/datahem.processor/src/main/java/org/datahem/protobuf/collector/v1/CollectorPayloadEntityProto.java
/home/robert_sahlin/mhlabs/datahem.processor/src/main/java/org/datahem/processor/kinesis/generic/GenericStreamPipeline.java
/home/robert_sahlin/mhlabs/datahem.processor/src/main/java/org/datahem/processor/measurementprotocol/utils/MPEntityToTableRowFn.java
/home/robert_sahlin/mhlabs/datahem.processor/src/main/java/org/datahem/protobuf/measurementprotocol/v1/MPEntityProto.java
/home/robert_sahlin/mhlabs/datahem.processor/src/main/java/org/datahem/processor/kinesis/collector/StreamCollectorPipeline.java
/home/robert_sahlin/mhlabs/datahem.processor/src/main/java/org/datahem/processor/utils/KmsUtils.java
/home/robert_sahlin/mhlabs/datahem.processor/src/main/java/org/datahem/processor/measurementprotocol/utils/ProductImpressionEntity.java
/home/robert_sahlin/mhlabs/datahem.processor/src/main/java/org/datahem/processor/measurementprotocol/utils/PageviewEntity.java
/home/robert_sahlin/mhlabs/datahem.processor/src/main/java/org/datahem/avro/message/DynamicBinaryMessageDecoder.java
/home/robert_sahlin/mhlabs/datahem.processor/src/main/java/org/datahem/avro/message/DatastoreCache.java
/home/robert_sahlin/mhlabs/datahem.processor/src/main/java/org/datahem/avro/message/Test2.java
/home/robert_sahlin/mhlabs/datahem.processor/src/main/java/org/datahem/processor/measurementprotocol/utils/SchemaHelper.java
/home/robert_sahlin/mhlabs/datahem.processor/src/main/java/org/datahem/processor/measurementprotocol/utils/PromotionEntity.java
/home/robert_sahlin/mhlabs/datahem.processor/src/main/java/org/datahem/processor/utils/ProtobufUtils.java
/home/robert_sahlin/mhlabs/datahem.processor/src/main/java/org/datahem/processor/measurementprotocol/utils/TrafficEntity.java
/home/robert_sahlin/mhlabs/datahem.processor/src/main/java/org/datahem/processor/kinesis/generic/Config.java
/home/robert_sahlin/mhlabs/datahem.processor/src/main/java/org/datahem/avro/message/AvroToBigQuery.java
/home/robert_sahlin/mhlabs/datahem.processor/src/main/java/org/datahem/processor/measurementprotocol/utils/BaseEntity.java
/home/robert_sahlin/mhlabs/datahem.processor/src/main/java/org/datahem/processor/pubsub/backup/PubSubBackupPipeline.java
/home/robert_sahlin/mhlabs/datahem.processor/src/main/java/org/datahem/processor/generic/GenericRecordCoder.java
/home/robert_sahlin/mhlabs/datahem.processor/src/main/java/org/datahem/processor/utils/FieldMapper.java
/home/robert_sahlin/mhlabs/datahem.processor/src/main/java/org/datahem/processor/measurementprotocol/utils/SocialEntity.java
/home/robert_sahlin/mhlabs/datahem.processor/src/main/java/org/datahem/processor/generic/LoadStreamPipeline.java
/home/robert_sahlin/mhlabs/datahem.processor/src/main/java/org/datahem/avro/message/Test.java
/home/robert_sahlin/mhlabs/datahem.processor/src/main/java/org/datahem/processor/measurementprotocol/MeasurementProtocolBackfillPipeline.java
/home/robert_sahlin/mhlabs/datahem.processor/src/main/java/org/datahem/processor/measurementprotocol/utils/ExperimentEntity.java
/home/robert_sahlin/mhlabs/datahem.processor/src/main/java/org/datahem/avro/message/Test3.java
/home/robert_sahlin/mhlabs/datahem.processor/src/main/java/org/datahem/processor/measurementprotocol/utils/MeasurementProtocolOptions.java
/home/robert_sahlin/mhlabs/datahem.processor/src/main/java/org/datahem/processor/measurementprotocol/utils/MeasurementProtocolBuilder.java
/home/robert_sahlin/mhlabs/datahem.processor/src/main/java/org/datahem/processor/generic/JsonToAvroBinaryFn.java
